[    0.000000] Linux version 4.15.0-91-generic (buildd@lgw01-amd64-013) (gcc version 7.4.0 (Ubuntu 7.4.0-1ubuntu1~18.04.1)) #92-Ubuntu SMP Fri Feb 28 11:09:48 UTC 2020 (Ubuntu 4.15.0-91.92-generic 4.15.18)
[    0.000000] Command line: BOOT_IMAGE=/boot/vmlinuz-4.15.0-91-generic root=LABEL=cloudimg-rootfs ro console=tty1 console=ttyS0
[    0.000000] KERNEL supported cpus:
[    0.000000]   Intel GenuineIntel
[    0.000000]   AMD AuthenticAMD
[    0.000000]   Centaur CentaurHauls
[    0.000000] x86/fpu: Supporting XSAVE feature 0x001: 'x87 floating point registers'
[    0.000000] x86/fpu: Supporting XSAVE feature 0x002: 'SSE registers'
[    0.000000] x86/fpu: Supporting XSAVE feature 0x004: 'AVX registers'
[    0.000000] x86/fpu: xstate_offset[2]:  576, xstate_sizes[2]:  256
[    0.000000] x86/fpu: Enabled xstate features 0x7, context size is 832 bytes, using 'standard' format.
[    0.000000] e820: BIOS-provided physical RAM map:
[    0.000000] BIOS-e820: [mem 0x0000000000000000-0x000000000009fbff] usable
[    0.000000] BIOS-e820: [mem 0x000000000009fc00-0x000000000009ffff] reserved
[    0.000000] BIOS-e820: [mem 0x00000000000f0000-0x00000000000fffff] reserved
[    0.000000] BIOS-e820: [mem 0x0000000000100000-0x000000003ffeffff] usable
[    0.000000] BIOS-e820: [mem 0x000000003fff0000-0x000000003fffffff] ACPI data
[    0.000000] BIOS-e820: [mem 0x00000000fec00000-0x00000000fec00fff] reserved
[    0.000000] BIOS-e820: [mem 0x00000000fee00000-0x00000000fee00fff] reserved
[    0.000000] BIOS-e820: [mem 0x00000000fffc0000-0x00000000ffffffff] reserved
[    0.000000] NX (Execute Disable) protection: active
[    0.000000] SMBIOS 2.5 present.
[    0.000000] DMI: innotek GmbH VirtualBox/VirtualBox, BIOS VirtualBox 12/01/2006
[    0.000000] Hypervisor detected: KVM
[    0.000000] e820: last_pfn = 0x3fff0 max_arch_pfn = 0x400000000
[    0.000000] MTRR: Disabled
[    0.000000] x86/PAT: MTRRs disabled, skipping PAT initialization too.
[    0.000000] CPU MTRRs all blank - virtualized system.
[    0.000000] x86/PAT: Configuration [0-7]: WB  WT  UC- UC  WB  WT  UC- UC  
[    0.000000] found SMP MP-table at [mem 0x0009fff0-0x0009ffff]
[    0.000000] Scanning 1 areas for low memory corruption
[    0.000000] RAMDISK: [mem 0x35a6b000-0x36d2cfff]
[    0.000000] ACPI: Early table checksum verification disabled
[    0.000000] ACPI: RSDP 0x00000000000E0000 000024 (v02 VBOX  )
[    0.000000] ACPI: XSDT 0x000000003FFF0030 00003C (v01 VBOX   VBOXXSDT 00000001 ASL  00000061)
[    0.000000] ACPI: FACP 0x000000003FFF00F0 0000F4 (v04 VBOX   VBOXFACP 00000001 ASL  00000061)
[    0.000000] ACPI: DSDT 0x000000003FFF0470 002325 (v02 VBOX   VBOXBIOS 00000002 INTL 20180105)
[    0.000000] ACPI: FACS 0x000000003FFF0200 000040
[    0.000000] ACPI: FACS 0x000000003FFF0200 000040
[    0.000000] ACPI: APIC 0x000000003FFF0240 000054 (v02 VBOX   VBOXAPIC 00000001 ASL  00000061)
[    0.000000] ACPI: SSDT 0x000000003FFF02A0 0001CC (v01 VBOX   VBOXCPUT 00000002 INTL 20180105)
[    0.000000] No NUMA configuration found
[    0.000000] Faking a node at [mem 0x0000000000000000-0x000000003ffeffff]
[    0.000000] NODE_DATA(0) allocated [mem 0x3ffc5000-0x3ffeffff]
[    0.000000] kvm-clock: cpu 0, msr 0:3ff44001, primary cpu clock
[    0.000000] kvm-clock: Using msrs 4b564d01 and 4b564d00
[    0.000000] kvm-clock: using sched offset of 4119386261 cycles
[    0.000000] clocksource: kvm-clock: mask: 0xffffffffffffffff max_cycles: 0x1cd42e4dffb, max_idle_ns: 881590591483 ns
[    0.000000] Zone ranges:
[    0.000000]   DMA      [mem 0x0000000000001000-0x0000000000ffffff]
[    0.000000]   DMA32    [mem 0x0000000001000000-0x000000003ffeffff]
[    0.000000]   Normal   empty
[    0.000000]   Device   empty
[    0.000000] Movable zone start for each node
[    0.000000] Early memory node ranges
[    0.000000]   node   0: [mem 0x0000000000001000-0x000000000009efff]
[    0.000000]   node   0: [mem 0x0000000000100000-0x000000003ffeffff]
[    0.000000] Reserved but unavailable: 98 pages
[    0.000000] Initmem setup node 0 [mem 0x0000000000001000-0x000000003ffeffff]
[    0.000000] ACPI: PM-Timer IO Port: 0x4008
[    0.000000] IOAPIC[0]: apic_id 1, version 32, address 0xfec00000, GSI 0-23
[    0.000000] ACPI: INT_SRC_OVR (bus 0 bus_irq 0 global_irq 2 dfl dfl)
[    0.000000] ACPI: INT_SRC_OVR (bus 0 bus_irq 9 global_irq 9 low level)
[    0.000000] Using ACPI (MADT) for SMP configuration information
[    0.000000] smpboot: Allowing 1 CPUs, 0 hotplug CPUs
[    0.000000] PM: Registered nosave memory: [mem 0x00000000-0x00000fff]
[    0.000000] PM: Registered nosave memory: [mem 0x0009f000-0x0009ffff]
[    0.000000] PM: Registered nosave memory: [mem 0x000a0000-0x000effff]
[    0.000000] PM: Registered nosave memory: [mem 0x000f0000-0x000fffff]
[    0.000000] e820: [mem 0x40000000-0xfebfffff] available for PCI devices
[    0.000000] Booting paravirtualized kernel on KVM
[    0.000000] clocksource: refined-jiffies: mask: 0xffffffff max_cycles: 0xffffffff, max_idle_ns: 7645519600211568 ns
[    0.000000] random: get_random_bytes called from start_kernel+0x99/0x4fd with crng_init=0
[    0.000000] setup_percpu: NR_CPUS:8192 nr_cpumask_bits:1 nr_cpu_ids:1 nr_node_ids:1
[    0.000000] percpu: Embedded 45 pages/cpu s147456 r8192 d28672 u2097152
[    0.000000] PV qspinlock hash table entries: 256 (order: 0, 4096 bytes)
[    0.000000] Built 1 zonelists, mobility grouping on.  Total pages: 257913
[    0.000000] Policy zone: DMA32
[    0.000000] Kernel command line: BOOT_IMAGE=/boot/vmlinuz-4.15.0-91-generic root=LABEL=cloudimg-rootfs ro console=tty1 console=ttyS0
[    0.000000] Memory: 983240K/1048120K available (12300K kernel code, 2481K rwdata, 4264K rodata, 2432K init, 2712K bss, 64880K reserved, 0K cma-reserved)
[    0.000000] SLUB: HWalign=64, Order=0-3, MinObjects=0, CPUs=1, Nodes=1
[    0.000000] Kernel/User page tables isolation: enabled
[    0.000000] ftrace: allocating 39347 entries in 154 pages
[    0.004000] Hierarchical RCU implementation.
[    0.004000] 	RCU restricting CPUs from NR_CPUS=8192 to nr_cpu_ids=1.
[    0.004000] 	Tasks RCU enabled.
[    0.004000] RCU: Adjusting geometry for rcu_fanout_leaf=16, nr_cpu_ids=1
[    0.004000] NR_IRQS: 524544, nr_irqs: 256, preallocated irqs: 16
[    0.004000] Console: colour VGA+ 80x25
[    0.004000] console [tty1] enabled
[    0.004000] console [ttyS0] enabled
[    0.004000] ACPI: Core revision 20170831
[    0.004000] ACPI: 2 ACPI AML tables successfully acquired and loaded
[    0.004000] APIC: Switch to symmetric I/O mode setup
[    0.004000] x2apic enabled
[    0.004000] Switched APIC routing to physical x2apic.
[    0.004000] ..TIMER: vector=0x30 apic1=0 pin1=2 apic2=-1 pin2=-1
[    0.004007] tsc: Detected 2394.554 MHz processor
[    0.004941] Calibrating delay loop (skipped) preset value.. 4789.10 BogoMIPS (lpj=9578216)
[    0.008003] pid_max: default: 32768 minimum: 301
[    0.008970] Security Framework initialized
[    0.009830] Yama: becoming mindful.
[    0.010614] AppArmor: AppArmor initialized
[    0.012925] Dentry cache hash table entries: 131072 (order: 8, 1048576 bytes)
[    0.014500] Inode-cache hash table entries: 65536 (order: 7, 524288 bytes)
[    0.016024] Mount-cache hash table entries: 2048 (order: 2, 16384 bytes)
[    0.017340] Mountpoint-cache hash table entries: 2048 (order: 2, 16384 bytes)
[    0.019097] process: using mwait in idle threads
[    0.020010] Last level iTLB entries: 4KB 512, 2MB 8, 4MB 8
[    0.021099] Last level dTLB entries: 4KB 512, 2MB 32, 4MB 32, 1GB 0
[    0.022323] Spectre V1 : Mitigation: usercopy/swapgs barriers and __user pointer sanitization
[    0.024004] Spectre V2 : Mitigation: Full generic retpoline
[    0.025103] Spectre V2 : Spectre v2 / SpectreRSB mitigation: Filling RSB on context switch
[    0.026745] Speculative Store Bypass: Vulnerable
[    0.028070] MDS: Mitigation: Clear CPU buffers
[    0.052307] Freeing SMP alternatives memory: 36K
[    0.163584] smpboot: CPU0: Intel(R) Core(TM) i3-3110M CPU @ 2.40GHz (family: 0x6, model: 0x3a, stepping: 0x9)
[    0.164000] Performance Events: unsupported p6 CPU model 58 no PMU driver, software events only.
[    0.164000] Hierarchical SRCU implementation.
[    0.164723] NMI watchdog: Perf event create on CPU 0 failed with -2
[    0.165948] NMI watchdog: Perf NMI watchdog permanently disabled
[    0.167188] smp: Bringing up secondary CPUs ...
[    0.168004] smp: Brought up 1 node, 1 CPU
[    0.168829] smpboot: Max logical packages: 1
[    0.169697] smpboot: Total of 1 processors activated (4789.10 BogoMIPS)
[    0.171164] devtmpfs: initialized
[    0.172072] x86/mm: Memory block size: 128MB
[    0.173304] evm: security.selinux
[    0.174020] evm: security.SMACK64
[    0.174745] evm: security.SMACK64EXEC
[    0.176005] evm: security.SMACK64TRANSMUTE
[    0.176841] evm: security.SMACK64MMAP
[    0.177596] evm: security.apparmor
[    0.178307] evm: security.ima
[    0.178957] evm: security.capability
[    0.179867] clocksource: jiffies: mask: 0xffffffff max_cycles: 0xffffffff, max_idle_ns: 7645041785100000 ns
[    0.180011] futex hash table entries: 256 (order: 2, 16384 bytes)
[    0.181269] pinctrl core: initialized pinctrl subsystem
[    0.184029] RTC time: 13:16:04, date: 04/20/20
[    0.185059] NET: Registered protocol family 16
[    0.186048] audit: initializing netlink subsys (disabled)
[    0.187170] audit: type=2000 audit(1587388569.935:1): state=initialized audit_enabled=0 res=1
[    0.188126] cpuidle: using governor ladder
[    0.188973] cpuidle: using governor menu
[    0.189840] ACPI: bus type PCI registered
[    0.192004] acpiphp: ACPI Hot Plug PCI Controller Driver version: 0.5
[    0.193356] PCI: Using configuration type 1 for base access
[    0.196005] HugeTLB registered 2.00 MiB page size, pre-allocated 0 pages
[    0.198345] ACPI: Added _OSI(Module Device)
[    0.199259] ACPI: Added _OSI(Processor Device)
[    0.200000] ACPI: Added _OSI(3.0 _SCP Extensions)
[    0.200010] ACPI: Added _OSI(Processor Aggregator Device)
[    0.201080] ACPI: Added _OSI(Linux-Dell-Video)
[    0.201985] ACPI: Added _OSI(Linux-Lenovo-NV-HDMI-Audio)
[    0.203032] ACPI: Added _OSI(Linux-HPI-Hybrid-Graphics)
[    0.204378] ACPI: Executed 1 blocks of module-level executable AML code
[    0.210704] ACPI: Interpreter enabled
[    0.212017] ACPI: (supports S0 S5)
[    0.212741] ACPI: Using IOAPIC for interrupt routing
[    0.214050] PCI: Using host bridge windows from ACPI; if necessary, use "pci=nocrs" and report a bug
[    0.216000] ACPI: Enabled 2 GPEs in block 00 to 07
[    0.225078] ACPI: PCI Root Bridge [PCI0] (domain 0000 [bus 00-ff])
[    0.226303] acpi PNP0A03:00: _OSC: OS supports [ASPM ClockPM Segments MSI]
[    0.228000] acpi PNP0A03:00: _OSC: not requesting OS control; OS requires [ExtendedConfig ASPM ClockPM MSI]
[    0.228017] acpi PNP0A03:00: fail to add MMCONFIG information, can't access extended PCI configuration space under this bridge.
[    0.232504] PCI host bridge to bus 0000:00
[    0.233347] pci_bus 0000:00: root bus resource [io  0x0000-0x0cf7 window]
[    0.234656] pci_bus 0000:00: root bus resource [io  0x0d00-0xffff window]
[    0.236005] pci_bus 0000:00: root bus resource [mem 0x000a0000-0x000bffff window]
[    0.237489] pci_bus 0000:00: root bus resource [mem 0x40000000-0xfdffffff window]
[    0.239001] pci_bus 0000:00: root bus resource [bus 00-ff]
[    0.242294] pci 0000:00:01.1: legacy IDE quirk: reg 0x10: [io  0x01f0-0x01f7]
[    0.244004] pci 0000:00:01.1: legacy IDE quirk: reg 0x14: [io  0x03f6]
[    0.245281] pci 0000:00:01.1: legacy IDE quirk: reg 0x18: [io  0x0170-0x0177]
[    0.246665] pci 0000:00:01.1: legacy IDE quirk: reg 0x1c: [io  0x0376]
[    0.272656] pci 0000:00:07.0: quirk: [io  0x4000-0x403f] claimed by PIIX4 ACPI
[    0.274194] pci 0000:00:07.0: quirk: [io  0x4100-0x410f] claimed by PIIX4 SMB
[    0.291203] ACPI: PCI Interrupt Link [LNKA] (IRQs 5 9 10 *11)
[    0.292441] ACPI: PCI Interrupt Link [LNKB] (IRQs 5 9 *10 11)
[    0.293726] ACPI: PCI Interrupt Link [LNKC] (IRQs 5 *9 10 11)
[    0.295013] ACPI: PCI Interrupt Link [LNKD] (IRQs 5 9 10 *11)
[    0.296529] SCSI subsystem initialized
[    0.297487] pci 0000:00:02.0: vgaarb: setting as boot VGA device
[    0.298751] pci 0000:00:02.0: vgaarb: VGA device added: decodes=io+mem,owns=io+mem,locks=none
[    0.300011] pci 0000:00:02.0: vgaarb: bridge control possible
[    0.301756] vgaarb: loaded
[    0.304088] ACPI: bus type USB registered
[    0.305411] usbcore: registered new interface driver usbfs
[    0.307128] usbcore: registered new interface driver hub
[    0.308040] usbcore: registered new device driver usb
[    0.309681] EDAC MC: Ver: 3.0.0
[    0.312480] PCI: Using ACPI for IRQ routing
[    0.313888] NetLabel: Initializing
[    0.314623] NetLabel:  domain hash size = 128
[    0.316006] NetLabel:  protocols = UNLABELED CIPSOv4 CALIPSO
[    0.317370] NetLabel:  unlabeled traffic allowed by default
[    0.319304] clocksource: Switched to clocksource kvm-clock
[    0.340442] VFS: Disk quotas dquot_6.6.0
[    0.341479] VFS: Dquot-cache hash table entries: 512 (order 0, 4096 bytes)
[    0.342997] AppArmor: AppArmor Filesystem Enabled
[    0.344058] pnp: PnP ACPI init
[    0.346106] pnp: PnP ACPI: found 3 devices
[    0.355542] clocksource: acpi_pm: mask: 0xffffff max_cycles: 0xffffff, max_idle_ns: 2085701024 ns
[    0.358113] NET: Registered protocol family 2
[    0.359697] TCP established hash table entries: 8192 (order: 4, 65536 bytes)
[    0.361992] TCP bind hash table entries: 8192 (order: 5, 131072 bytes)
[    0.363874] TCP: Hash tables configured (established 8192 bind 8192)
[    0.365964] UDP hash table entries: 512 (order: 2, 16384 bytes)
[    0.367769] UDP-Lite hash table entries: 512 (order: 2, 16384 bytes)
[    0.369892] NET: Registered protocol family 1
[    0.371243] pci 0000:00:00.0: Limiting direct PCI/PCI transfers
[    0.373419] pci 0000:00:01.0: Activating ISA DMA hang workarounds
[    0.375277] pci 0000:00:02.0: Video device with shadowed ROM at [mem 0x000c0000-0x000dffff]
[    0.378080] Unpacking initramfs...
[    0.713113] Freeing initrd memory: 19208K
[    0.723936] clocksource: tsc: mask: 0xffffffffffffffff max_cycles: 0x22841efec24, max_idle_ns: 440795272178 ns
[    0.725994] platform rtc_cmos: registered platform RTC device (no PNP device found)
[    0.727533] Scanning for low memory corruption every 60 seconds
[    0.729394] Initialise system trusted keyrings
[    0.730317] Key type blacklist registered
[    0.731196] workingset: timestamp_bits=36 max_order=18 bucket_order=0
[    0.734446] zbud: loaded
[    0.735593] squashfs: version 4.0 (2009/01/31) Phillip Lougher
[    0.736948] fuse init (API version 7.26)
[    0.738888] Key type asymmetric registered
[    0.739735] Asymmetric key parser 'x509' registered
[    0.740809] Block layer SCSI generic (bsg) driver version 0.4 loaded (major 246)
[    0.742415] io scheduler noop registered
[    0.743227] io scheduler deadline registered
[    0.744133] io scheduler cfq registered (default)
[    0.745461] ACPI: AC Adapter [AC] (on-line)
[    0.746382] input: Power Button as /devices/LNXSYSTM:00/LNXPWRBN:00/input/input0
[    0.747885] ACPI: Power Button [PWRF]
[    0.748817] input: Sleep Button as /devices/LNXSYSTM:00/LNXSLPBN:00/input/input1
[    0.750300] ACPI: Sleep Button [SLPF]
[    0.752257] ACPI: Battery Slot [BAT0] (battery present)
[    0.753425] Serial: 8250/16550 driver, 32 ports, IRQ sharing enabled
[    0.775582] 00:02: ttyS0 at I/O 0x3f8 (irq = 4, base_bud = 115200) is a 16550A
    0.779587] Linux agpgart interface v0.103
[    0.781766] loop: module loaded
[    0.783016] scsi host0: ata_piix
[    0.783793] scsi host1: ata_piix
[    0.784562] ata1: PATA max UDMA/33 cmd 0x1f0 ctl 0x3f6 bmdma 0xd000 irq 14
[    0.785887] ata2: PATA max UDMA/33 cmd 0x170 ctl 0x376 bmdma 0xd008 irq 15
[    0.787742] libphy: Fixed MDIO Bus: probed
[    0.788630] tun: Universal TUN/TAP device driver, 1.6
[    0.789676] PPP generic driver version 2.4.2
[    0.790590] ehci_hcd: USB 2.0 'Enhanced' Host Controller (EHCI) Driver
[    0.791859] ehci-pci: EHCI PCI platform driver
[    0.792842] ehci-platform: EHCI generic platform driver
[    0.793888] ohci_hcd: USB 1.1 'Open' Host Controller (OHCI) Driver
[    0.795084] ohci-pci: OHCI PCI platform driver
[    0.795997] ohci-platform: OHCI generic platform driver
[    0.797083] uhci_hcd: USB Universal Host Controller Interface driver
[    0.798378] i8042: PNP: PS/2 Controller [PNP0303:PS2K,PNP0f03:PS2M] at 0x60,0x64 irq 1,12
[    0.800546] serio: i8042 KBD port at 0x60,0x64 irq 1
[    0.801577] serio: i8042 AUX port at 0x60,0x64 irq 12
[    0.802676] mousedev: PS/2 mouse device common for all mice
[    0.804070] input: AT Translated Set 2 keyboard as /devices/platform/i8042/serio0/input/input2
[    0.806271] rtc_cmos rtc_cmos: rtc core: registered rtc_cmos as rtc0
[    0.807574] rtc_cmos rtc_cmos: alarms up to one day, 114 bytes nvram
[    0.808865] i2c /dev entries driver
[    0.809662] device-mapper: uevent: version 1.0.3
[    0.810667] device-mapper: ioctl: 4.37.0-ioctl (2017-09-20) initialised: dm-devel@redhat.com
[    0.812352] ledtrig-cpu: registered to indicate activity on CPUs
[    0.813897] NET: Registered protocol family 10
[    0.819111] Segment Routing with IPv6
[    0.819938] NET: Registered protocol family 17
[    0.820983] Key type dns_resolver registered
[    0.821980] mce: Using 0 MCE banks
[    0.822719] RAS: Correctable Errors collector initialized.
[    0.823813] sched_clock: Marking stable (820912564, 0)->(1033681102, -212768538)
[    0.825566] registered taskstats version 1
[    0.826423] Loading compiled-in X.509 certificates
[    0.830230] Loaded X.509 cert 'Build time autogenerated kernel key: d019e8c5f4cbc828f6af43369f65a014a3a68371'
[    0.832213] zswap: loaded using pool lzo/zbud
[    0.836904] Key type big_key registered
[    0.837998] Key type trusted registered
[    0.840827] Key type encrypted registered
[    0.841694] AppArmor: AppArmor sha1 policy hashing enabled
[    0.842829] ima: No TPM chip found, activating TPM-bypass! (rc=-19)
[    0.844069] ima: Allocated hash algorithm: sha1
[    0.846487] evm: HMAC attrs: 0x1
[    0.848380]   Magic number: 0:588:281
[    0.849185] tty tty18: hash matches
[    0.850011] rtc_cmos rtc_cmos: setting system clock to 2020-04-20 13:16:05 UTC (1587388565)
[    0.851727] BIOS EDD facility v0.16 2004-Jun-25, 0 devices found
[    0.852964] EDD information not available.
[    0.971990] Freeing unused kernel image memory: 2432K
[    0.980084] Write protecting the kernel read-only data: 20480k
[    0.982440] Freeing unused kernel image memory: 2008K
[    0.984278] Freeing unused kernel image memory: 1880K
[    0.996089] x86/mm: Checked W+X mappings: passed, no W+X pages found.
[    0.997426] x86/mm: Checking user space page tables
[    1.007103] x86/mm: Checked W+X mappings: passed, no W+X pages found.
Loading, please wait...
starting version 237
[    1.150049] e1000: Intel(R) PRO/1000 Network Driver - version 7.3.21-k8-NAPI
[    1.151549] e1000: Copyright (c) 1999-2006 Intel Corporation.
[    1.158556] Fusion MPT base driver 3.04.20
[    1.159507] Copyright (c) 1999-2008 LSI Corporation
[    1.183097] Fusion MPT SPI Host driver 3.04.20
[    1.381052] input: ImExPS/2 Generic Explorer Mouse as /devices/platform/i8042/serio1/input/input4
[    1.600534] e1000 0000:00:03.0 eth0: (PCI:33MHz:32-bit) 02:85:4f:0b:ef:e7
[    1.601915] e1000 0000:00:03.0 eth0: Intel(R) PRO/1000 Network Connection
[    1.604362] mptbase: ioc0: Initiating bringup
[    1.700702] ioc0: LSI53C1030 A0: Capabilities={Initiator}
[    1.943364] scsi host2: ioc0: LSI53C1030 A0, FwRev=00000000h, Ports=1, MaxQ=256, IRQ=20
[    2.113106] scsi 2:0:0:0: Direct-Access     VBOX     HARDDISK         1.0  PQ: 0 ANSI: 5
[    2.116471] scsi target2:0:0: Beginning Domain Validation
[    2.123182] random: fast init done
[    2.124442] scsi target2:0:0: Domain Validation skipping write tests
[    2.125680] scsi target2:0:0: Ending Domain Validation
[    2.126743] scsi target2:0:0: asynchronous
[    2.127975] scsi 2:0:1:0: Direct-Access     VBOX     HARDDISK         1.0  PQ: 0 ANSI: 5
[    2.129626] scsi target2:0:1: Beginning Domain Validation
[    2.131501] scsi target2:0:1: Domain Validation skipping write tests
[    2.132773] scsi target2:0:1: Ending Domain Validation
[    2.133852] scsi target2:0:1: asynchronous
[    2.139111] random: systemd-udevd: uninitialized urandom read (16 bytes read)
[    2.140609] random: systemd-udevd: uninitialized urandom read (16 bytes read)
[    2.141985] random: systemd-udevd: uninitialized urandom read (16 bytes read)
[    2.143676] sd 2:0:0:0: [sda] 20971520 512-byte logical blocks: (10.7 GB/10.0 GiB)
[    2.145321] sd 2:0:0:0: [sda] Write Protect is off
[    2.146436] sd 2:0:0:0: Attached scsi generic sg0 type 0
[    2.147526] sd 2:0:0:0: [sda] Incomplete mode parameter data
[    2.148713] sd 2:0:0:0: [sda] Assuming drive cache: write through
[    2.150634] sd 2:0:1:0: [sdb] 20480 512-byte logical blocks: (10.5 MB/10.0 MiB)
[    2.152163] sd 2:0:1:0: [sdb] Write Protect is off
[    2.153338] sd 2:0:1:0: [sdb] Incomplete mode parameter data
[    2.154471] sd 2:0:1:0: [sdb] Assuming drive cache: write through
[    2.156461] sd 2:0:1:0: Attached scsi generic sg1 type 0
[    2.469067]  sda: sda1
[    2.470993] sd 2:0:1:0: [sdb] Attached SCSI disk
[    2.471988] sd 2:0:0:0: [sda] Attached SCSI disk
[    2.514258] e1000 0000:00:08.0 eth1: (PCI:33MHz:32-bit) 08:00:27:90:76:e3
[    2.515918] e1000 0000:00:08.0 eth1: Intel(R) PRO/1000 Network Connection
[    2.520166] e1000 0000:00:08.0 enp0s8: renamed from eth1
[    2.526499] e1000 0000:00:03.0 enp0s3: renamed from eth0
Begin: Loading essential drivers ... [    4.075146] raid6: sse2x1   gen()  8279 MB/s
[    4.139147] raid6: sse2x1   xor()  5372 MB/s
[    4.203063] raid6: sse2x2   gen()  8918 MB/s
[    4.266997] raid6: sse2x2   xor()  5931 MB/s
[    4.330967] raid6: sse2x4   gen() 10606 MB/s
[    4.394998] raid6: sse2x4   xor()  6969 MB/s
[    4.396241] raid6: using algorithm sse2x4 gen() 10606 MB/s
[    4.397688] raid6: .... xor() 6969 MB/s, rmw enabled
[    4.399004] raid6: using ssse3x2 recovery algorithm
[    4.403130] xor: automatically using best checksumming function   avx       
[    4.407339] async_tx: api initialized (async)
done.
Begin: Running /scripts/init-premount ... done.
Begin: Mounting root file system ... Begin: Running /scripts/local-top ... done.
Begin: Running /scripts/local-premount ... [    4.481605] Btrfs loaded, crc32c=crc32c-intel
Scanning for Btrfs filesystems
done.
Warning: fsck not present, so skipping root file system
[    4.711024] EXT4-fs (sda1): mounted filesystem with ordered data mode. Opts: (null)
done.
Begin: Running /scripts/local-bottom ... done.
Begin: Running /scripts/init-bottom ... done.
[    4.944339] ip_tables: (C) 2000-2006 Netfilter Core Team
[    4.960763] systemd[1]: systemd 237 running in system mode. (+PAM +AUDIT +SELINUX +IMA +APPARMOR +SMACK +SYSVINIT +UTMP +LIBCRYPTSETUP +GCRYPT +GNUTLS +ACL +XZ +LZ4 +SECCOMP +BLKID +ELFUTILS +KMOD -IDN2 +IDN -PCRE2 default-hierarchy=hybrid)
[    4.967936] systemd[1]: Detected virtualization oracle.
[    4.969436] systemd[1]: Detected architecture x86-64.

Welcome to [1mUbuntu 18.04.4 LTS[0m!

[    4.974703] systemd[1]: Set hostname to <ubuntu>.
[    4.981089] systemd[1]: Initializing machine ID from random generator.
[    4.982896] systemd[1]: Installed transient /etc/machine-id file.
[    5.312574] systemd[1]: Started Forward Password Requests to Wall Directory Watch.
[[0;32m  OK  [0m] Started Forward Password Requests to Wall Directory Watch.
[    5.317449] systemd[1]: Set up automount Arbitrary Executable File Formats File System Automount Point.
[[0;32m  OK  [0m] Set up automount Arbitrary Executab…rmats File System Automount Point.
[    5.322827] systemd[1]: Created slice System Slice.
[[0;32m  OK  [0m] Created slice System Slice.
[    5.325532] systemd[1]: Listening on udev Control Socket.
[[0;32m  OK  [0m] Listening on udev Control Socket.
[[0;32m  OK  [0m] Listening on LVM2 poll daemon socket.
[[0;32m  OK  [0m] Listening on LVM2 metadata daemon socket.
[[0;32m  OK  [0m] Created slice system-serial\x2dgetty.slice.
[[0;32m  OK  [0m] Listening on udev Kernel Socket.
[[0;32m  OK  [0m] Listening on /dev/initctl Compatibility Named Pipe.
[[0;32m  OK  [0m] Listening on Device-mapper event daemon FIFOs.
[[0;32m  OK  [0m] Listening on Syslog Socket.
[[0;32m  OK  [0m] Listening on Journal Audit Socket.
[[0;32m  OK  [0m] Reached target System Time Synchronized.
[[0;32m  OK  [0m] Listening on Journal Socket.
         Starting Monitoring of LVM2 mirrors…ng dmeventd or progress polling...
         Starting Remount Root and Kernel File Systems...
         Starting Create list of required st…ce nodes for the current kernel...
         Starting udev Coldplug all Devices...
         Mounting Huge Pages File System...
         Starting Set the console keyboard layout...
[[0;32m  OK  [0m] Created slice User and Session Slice.
[[0;32m  OK  [0m] Reached target Slices.
         Starting Load Kernel Modules...
[[0;32m  OK  [0m] Reached target User and Group Name Lookups.
         Mounting POSIX Message Queue File System...
         Starting Uncomplicated firewall...
[[0;32m  OK  [0m] Reached target Swap.
         Mounting Kernel Debug File System...
[[0;32m  OK  [0m] Listening on Network Service Netlink Socket.
[[0;32m  OK  [0m] Listening on Journal Socket (/dev/log).
         Starting Journal Service...
[[0;32m  OK  [0m] Started Create list of required sta…vice nodes for the current kernel.
[[0;32m  OK  [0m] Mounted Huge Pages File System.
[[0;32m  OK  [0m] Mounted POSIX Message Queue File System.
[[0;32m  OK  [0m] Mounted Kernel Debug File System.
[[0;32m  OK  [0m] Started LVM2 metadata daemon.
[    5.499423] EXT4-fs (sda1): re-mounted. Opts: (null)
         Starting Create Static Device Nodes in /dev...
[[0;32m  OK  [0m] Started Remount Root and Kernel File Systems.
[[0;32m  OK  [0m] Started Uncomplicated firewall.
         Starting Load/Save Random Seed...
[    5.604463] Loading iSCSI transport class v2.0-870.
[    5.616613] iscsi: registered transport (tcp)
[    5.638252] iscsi: registered transport (iser)
[[0;32m  OK  [0m] Started Journal Service.
[[0;32m  OK  [0m] Started Monitoring of LVM2 mirrors,…sing dmeventd or progress polling.
[[0;32m  OK  [0m] Started Load Kernel Modules.
[[0;32m  OK  [0m] Started udev Coldplug all Devices.
         Mounting FUSE Control File System...
         Starting Apply Kernel Variables...
         Mounting Kernel Configuration File System...
         Starting Flush Journal to Persistent Storage...
[[0;32m  OK  [0m] Started Load/Save Random Seed.
[[0;32m  OK  [0m] Mounted FUSE Control File System.
[[0;32m  OK  [0m] Mounted Kernel Configuration File System.
[[0;32m  OK  [0m] Started Create Static Device Nodes in /dev.
         Starting udev Kernel Device Manager...
[[0;32m  OK  [0m] Started Apply Kernel Variables.
[[0;32m  OK  [0m] Started Set the console keyboard layout.
[[0;32m  OK  [0m] Reached target Local File Systems (Pre).
[[0;32m  OK  [0m] Reached target Local File Systems.
         Starting Set console font and keymap...
         Starting AppArmor initialization...
         Starting Commit a transient machine-id on disk...
         Starting Tell Plymouth To Write Out Runtime Data...
         Starting ebtables ruleset management...
[[0;32m  OK  [0m] Started udev Kernel Device Manager.
[[0;32m  OK  [0m] Started Dispatch Password Requests to Console Directory Watch.
[[0;32m  OK  [0m] Reached target Local Encrypted Volumes.
[[0;32m  OK  [0m] Started Set console font and keymap.
[[0;32m  OK  [0m] Started Tell Plymouth To Write Out Runtime Data.
[[0;32m  OK  [0m] Started Commit a transient machine-id on disk.
[[0;32m  OK  [0m] Started Flush Journal to Persistent Storage.
         Starting Create Volatile Files and Directories...
[[0;32m  OK  [0m] Started Create Volatile Files and Directories.
         Starting Update UTMP about System Boot/Shutdown...
[[0;32m  OK  [0m] Started ebtables ruleset management.
[[0;32m  OK  [0m] Started Update UTMP about System Boot/Shutdown.
[[0;32m  OK  [0m] Found device /dev/ttyS0.
[[0;32m  OK  [0m] Listening on Load/Save RF Kill Switch Status /dev/rfkill Watch.
[[0;32m  OK  [0m] Started AppArmor initialization.
         Starting Initial cloud-init job (pre-networking)...
[   11.665634] cloud-init[509]: Cloud-init v. 19.4-33-gbb4131a2-0ubuntu1~18.04.1 running 'init-local' at Mon, 20 Apr 2020 13:16:15 +0000. Up 10.76 seconds.
[[0;32m  OK  [0m] Started Initial cloud-init job (pre-networking).
[[0;32m  OK  [0m] Reached target Network (Pre).
         Starting Network Service...
[[0;32m  OK  [0m] Started Network Service.
         Starting Network Name Resolution...
         Starting Wait for Network to be Configured...
[[0;32m  OK  [0m] Started Network Name Resolution.
[[0;32m  OK  [0m] Reached target Network.
[[0;32m  OK  [0m] Reached target Host and Network Name Lookups.
[[0;32m  OK  [0m] Started Wait for Network to be Configured.
         Starting Initial cloud-init job (metadata service crawler)...
[   15.476414] cloud-init[620]: Cloud-init v. 19.4-33-gbb4131a2-0ubuntu1~18.04.1 running 'init' at Mon, 20 Apr 2020 13:16:19 +0000. Up 14.63 seconds.
[   15.484280] cloud-init[620]: ci-info: ++++++++++++++++++++++++++++++++++++++Net device info+++++++++++++++++++++++++++++++++++++++
[   15.488236] cloud-init[620]: ci-info: +--------+-------+----------------------------+---------------+--------+-------------------+
[   15.491491] cloud-init[620]: ci-info: | Device |   Up  |          Address           |      Mask     | Scope  |     Hw-Address    |
[   15.494331] cloud-init[620]: ci-info: +--------+-------+----------------------------+---------------+--------+-------------------+
[   15.497148] cloud-init[620]: ci-info: | enp0s3 |  True |         10.0.2.15          | 255.255.255.0 | global | 02:85:4f:0b:ef:e7 |
[   15.499891] cloud-init[620]: ci-info: | enp0s3 |  True | fe80::85:4fff:fe0b:efe7/64 |       .       |  link  | 02:85:4f:0b:ef:e7 |
[   15.502671] cloud-init[620]: ci-info: | enp0s8 | False |             .              |       .       |   .    | 08:00:27:90:76:e3 |
[   15.505486] cloud-init[620]: ci-info: |   lo   |  True |         127.0.0.1          |   255.0.0.0   |  host  |         .         |
[   15.508246] cloud-init[620]: ci-info: |   lo   |  True |          ::1/128           |       .       |  host  |         .         |
[   15.510983] cloud-init[620]: ci-info: +--------+-------+----------------------------+---------------+--------+-------------------+
[   15.513726] cloud-init[620]: ci-info: ++++++++++++++++++++++++++++Route IPv4 info+++++++++++++++++++++++++++++
[   15.516164] cloud-init[620]: ci-info: +-------+-------------+----------+-----------------+-----------+-------+
[   15.518561] cloud-init[620]: ci-info: | Route | Destination | Gateway  |     Genmask     | Interface | Flags |
[   15.520980] cloud-init[620]: ci-info: +-------+-------------+----------+-----------------+-----------+-------+
[   15.523358] cloud-init[620]: ci-info: |   0   |   0.0.0.0   | 10.0.2.2 |     0.0.0.0     |   enp0s3  |   UG  |
[   15.525780] cloud-init[620]: ci-info: |   1   |   10.0.2.0  | 0.0.0.0  |  255.255.255.0  |   enp0s3  |   U   |
[   15.528215] cloud-init[620]: ci-info: |   2   |   10.0.2.2  | 0.0.0.0  | 255.255.255.255 |   enp0s3  |   UH  |
[   15.530602] cloud-init[620]: ci-info: +-------+-------------+----------+-----------------+-----------+-------+
[   15.533017] cloud-init[620]: ci-info: +++++++++++++++++++Route IPv6 info+++++++++++++++++++
[   15.535073] cloud-init[620]: ci-info: +-------+-------------+---------+-----------+-------+
[   15.537154] cloud-init[620]: ci-info: | Route | Destination | Gateway | Interface | Flags |
[   15.539201] cloud-init[620]: ci-info: +-------+-------------+---------+-----------+-------+
[   15.541286] cloud-init[620]: ci-info: |   1   |  fe80::/64  |    ::   |   enp0s3  |   U   |
[   15.543335] cloud-init[620]: ci-info: |   3   |    local    |    ::   |   enp0s3  |   U   |
[   15.545409] cloud-init[620]: ci-info: |   4   |   ff00::/8  |    ::   |   enp0s3  |   U   |
[   15.547386] cloud-init[620]: ci-info: +-------+-------------+---------+-----------+-------+
[   17.151924] cloud-init[620]: Generating public/private rsa key pair.
[   17.152925] cloud-init[620]: Your identification has been saved in /etc/ssh/ssh_host_rsa_key.
[   17.172160] cloud-init[620]: Your public key has been saved in /etc/ssh/ssh_host_rsa_key.pub.
[   17.173273] cloud-init[620]: The key fingerprint is:
[   17.173896] cloud-init[620]: SHA256:wsrMvUiPNwDWH2iszSIZiCfEOfELQendUzcRMehSCjg root@ubuntu-bionic
[   17.176190] cloud-init[620]: The key's randomart image is:
[   17.180250] cloud-init[620]: +---[RSA 2048]----+
[   17.180954] cloud-init[620]: |o+=     .=+      |
[   17.181573] cloud-init[620]: | Eo.   + o.      |
[   17.195813] cloud-init[620]: |=.++o.= . .      |
[   17.196607] cloud-init[620]: |=.=.**..         |
[   17.197352] cloud-init[620]: | * B .=.S        |
[   17.197875] cloud-init[620]: |o o++o..         |
[   17.198578] cloud-init[620]: | . .*..          |
[   17.200193] cloud-init[620]: |   . +o.         |
[   17.204297] cloud-init[620]: |    o.o.         |
[   17.224091] cloud-init[620]: +----[SHA256]-----+
[   17.224902] cloud-init[620]: Generating public/private dsa key pair.
[   17.225745] cloud-init[620]: Your identification has been saved in /etc/ssh/ssh_host_dsa_key.
[   17.226837] cloud-init[620]: Your public key has been saved in /etc/ssh/ssh_host_dsa_key.pub.
[   17.238001] cloud-init[620]: The key fingerprint is:
[   17.238822] cloud-init[620]: SHA256:2cUT5j31ZHrS4EAcgP8Uxo6nCD9NEJwwbZmbrRe93/0 root@ubuntu-bionic
[   17.240167] cloud-init[620]: The key's randomart image is:
[   17.240892] cloud-init[620]: +---[DSA 1024]----+
[   17.241477] cloud-init[620]: |      o+.*.=*.. +|
[   17.242327] cloud-init[620]: |       .X  +== B.|
[[0;32m  OK  [0m] Started Initial cloud-init job (metadata service crawler).
[[0;32m  OK  [0m] Reached target Cloud-config availability.
[[0;32m  OK  [0m] Reached target System Initialization.
[   17.255761] cloud-init[620]: |       . * ==.* +|
[   17.260831] cloud-init[620]: |      . oo*.=. + |
[   17.262225] cloud-init[620]: |       oS=.* .   |
[   17.263632] cloud-init[620]: |        = + o    |
[   17.281044] cloud-init[620]: |         o   . ..|
[   17.281737] cloud-init[620]: |              . o|
[   17.282670] cloud-init[620]: |                E|
[   17.283267] cloud-init[620]: +----[SHA256]-----+
[   17.285237] cloud-init[620]: Generating public/private ecdsa key pair.
[   17.296505] cloud-init[620]: Your identification has been saved in /etc/ssh/ssh_host_ecdsa_key.
[   17.298058] cloud-init[620]: Your public key has been saved in /etc/ssh/ssh_host_ecdsa_key.pub.
[   17.308549] cloud-init[620]: The key fingerprint is:
[   17.310249] cloud-init[620]: SHA256:6N6IjirMH5nHyttBIm8f1k098ZfHxC4QB5sD6ZEQyLk root@ubuntu-bionic
[   17.312854] cloud-init[620]: The key's randomart image is:
[   17.314575] cloud-init[620]: +---[ECDSA 256]---+
[   17.316038] cloud-init[620]: |     . ooo.oo..  |
[   17.317371] cloud-init[620]: |      +   +. = . |
[   17.318668] cloud-init[620]: |       . . o=   o|
[   17.319967] cloud-init[620]: |      E.  o oo +.|
[   17.321288] cloud-init[620]: | . . .. S. o ..o+|
[   17.322583] cloud-init[620]: |  o *.. o   . ...|
[   17.323901] cloud-init[620]: |o  * *.. .       |
[   17.325236] cloud-init[620]: |.oo.Booo         |
[   17.326531] cloud-init[620]: |o.o*+oo .        |
[   17.327747] cloud-init[620]: +----[SHA256]-----+
[   17.328769] cloud-init[620]: Generating public/private ed25519 key pair.
[   17.329976] cloud-init[620]: Your identification has been saved in /etc/ssh/ssh_host_ed25519_key.
[   17.331512] cloud-init[620]: Your public key has been saved in /etc/ssh/ssh_host_ed25519_key.pub.
[   17.332808] cloud-init[620]: The key fingerprint is:
[   17.333818] cloud-init[620]: SHA256:kBrPqU0vnr9tN3yOLatl3/cSN/V+u0ZzxJv2OADt5xM root@ubuntu-bionic
[   17.335060] cloud-init[620]: The key's randomart image is:
[   17.344442] cloud-init[620]: +--[ED25519 256]--+
[   17.345294] cloud-init[620]: |                 |
[   17.345983] cloud-init[620]: |       .         |
[   17.356573] cloud-init[620]: |    . o    .   . |
[   17.358192] cloud-init[620]: |     = o  . .   +|
[   17.359675] cloud-init[620]: |    . = S  o   .=|
[   17.361209] cloud-init[620]: |     + .    o EB+|
[   17.362664] cloud-init[620]: |    . o .  .o+o*=|
[   17.364035] cloud-init[620]: |     . o ..o=+Bo=|
[   17.365369] cloud-init[620]: |      o.ooooo*=*O|
[   17.366604] cloud-init[620]: +----[SHA256]-----+
         Starting LXD - unix socket.
[[0;32m  OK  [0m] Listening on Open-iSCSI iscsid Socket.
[[0;32m  OK  [0m] Started ACPI Events Check.
[[0;32m  OK  [0m] Started Daily apt download activities.
[[0;32m  OK  [0m] Started Daily apt upgrade and clean activities.
[[0;32m  OK  [0m] Started Discard unused blocks once a week.
         Starting Socket activation for snappy daemon.
[[0;32m  OK  [0m] Reached target Paths.
[[0;32m  OK  [0m] Listening on ACPID Listen Socket.
[[0;32m  OK  [0m] Listening on D-Bus System Message Bus Socket.
[[0;32m  OK  [0m] Started Message of the Day.
[[0;32m  OK  [0m] Listening on UUID daemon activation socket.
[[0;32m  OK  [0m] Started Daily Cleanup of Temporary Directories.
[[0;32m  OK  [0m] Reached target Timers.
[[0;32m  OK  [0m] Reached target Network is Online.
[[0;32m  OK  [0m] Reached target Remote File Systems (Pre).
[[0;32m  OK  [0m] Reached target Remote File Systems.
         Starting Availability of block devices...
[[0;32m  OK  [0m] Listening on LXD - unix socket.
[[0;32m  OK  [0m] Listening on Socket activation for snappy daemon.
[[0;32m  OK  [0m] Started Availability of block devices.
[[0;32m  OK  [0m] Reached target Sockets.
[[0;32m  OK  [0m] Reached target Basic System.
         Starting LSB: automatic crash report generation...
[[0;32m  OK  [0m] Started irqbalance daemon.
         Starting Pollinate to seed the pseudo random number generator...
         Starting Dispatcher daemon for systemd-networkd...
[[0;32m  OK  [0m] Started Deferred execution scheduler.
         Starting LXD - container startup/shutdown...
         Starting Virtualbox guest utils...
         Starting System Logging Service...
[[0;32m  OK  [0m] Started Regular background program processing daemon.
         Starting Accounts Service...
         Starting LSB: Record successful boot for GRUB...
         Starting Login Service...
[[0;32m  OK  [0m] Started FUSE filesystem for LXC.
         Starting Permit User Sessions...
[[0;32m  OK  [0m] Started D-Bus System Message Bus.
         Starting Snappy daemon...
[[0;32m  OK  [0m] Started System Logging Service.
[[0;32m  OK  [0m] Started Permit User Sessions.
[[0;32m  OK  [0m] Started Login Service.
         Starting Authorization Manager...
[[0;32m  OK  [0m] Started Unattended Upgrades Shutdown.
         Starting Hold until boot process finishes up...
         Starting Terminate Plymouth Boot Screen...
[[0;32m  OK  [0m] Started Hold until boot process finishes up.
         Starting Set console scheme...
[[0;32m  OK  [0m] Started Serial Getty on ttyS0.
[[0;32m  OK  [0m] Started Terminate Plymouth Boot Screen.
[[0;32m  OK  [0m] Started Set console scheme.
[[0;32m  OK  [0m] Created slice system-getty.slice.
[[0;32m  OK  [0m] Started Getty on tty1.
[[0;32m  OK  [0m] Reached target Login Prompts.
[[0;32m  OK  [0m] Started LSB: automatic crash report generation.
[[0;32m  OK  [0m] Started LSB: Record successful boot for GRUB.
[[0;32m  OK  [0m] Started Authorization Manager.
[[0;32m  OK  [0m] Started Accounts Service.
[[0;32m  OK  [0m] Started Virtualbox guest utils.
[[0;32m  OK  [0m] Started LXD - container startup/shutdown.
[[0;32m  OK  [0m] Started Dispatcher daemon for systemd-networkd.
[[0;32m  OK  [0m] Started Snappy daemon.
         Starting Wait until snapd is fully seeded...
[[0;32m  OK  [0m] Started Pollinate to seed the pseudo random number generator.
         Starting OpenBSD Secure Shell server...
[[0;32m  OK  [0m] Started OpenBSD Secure Shell server.
[[0;32m  OK  [0m] Created slice User Slice of vagrant.
[[0;32m  OK  [0m] Started Session 1 of user vagrant.
         Starting User Manager for UID 1000...
[[0;32m  OK  [0m] Started User Manager for UID 1000.
[[0;32m  OK  [0m] Started Wait until snapd is fully seeded.
         Starting Apply the settings specified in cloud-config...
[[0;32m  OK  [0m] Reached target Multi-User System.
[[0;32m  OK  [0m] Reached target Graphical Interface.
         Starting Update UTMP about System Runlevel Changes...
[[0;32m  OK  [0m] Started Update UTMP about System Runlevel Changes.
[   23.151729] cloud-init[1019]: Cloud-init v. 19.4-33-gbb4131a2-0ubuntu1~18.04.1 running 'modules:config' at Mon, 20 Apr 2020 13:16:26 +0000. Up 21.89 seconds.
[[0;32m  OK  [0m] Started Apply the settings specified in cloud-config.
         Starting Execute cloud user/final scripts...

Ubuntu 18.04.4 LTS ubuntu-bionic ttyS0

ubuntu-bionic login: ci-info: no authorized SSH keys fingerprints found for user ubuntu.
<14>Apr 20 13:16:29 ec2: 
<14>Apr 20 13:16:29 ec2: #############################################################
<14>Apr 20 13:16:29 ec2: -----BEGIN SSH HOST KEY FINGERPRINTS-----
<14>Apr 20 13:16:29 ec2: 1024 SHA256:2cUT5j31ZHrS4EAcgP8Uxo6nCD9NEJwwbZmbrRe93/0 root@ubuntu-bionic (DSA)
<14>Apr 20 13:16:29 ec2: 256 SHA256:6N6IjirMH5nHyttBIm8f1k098ZfHxC4QB5sD6ZEQyLk root@ubuntu-bionic (ECDSA)
<14>Apr 20 13:16:29 ec2: 256 SHA256:kBrPqU0vnr9tN3yOLatl3/cSN/V+u0ZzxJv2OADt5xM root@ubuntu-bionic (ED25519)
<14>Apr 20 13:16:29 ec2: 2048 SHA256:wsrMvUiPNwDWH2iszSIZiCfEOfELQendUzcRMehSCjg root@ubuntu-bionic (RSA)
<14>Apr 20 13:16:29 ec2: -----END SSH HOST KEY FINGERPRINTS-----
<14>Apr 20 13:16:29 ec2: #############################################################
-----BEGIN SSH HOST KEY KEYS-----
ecdsa-sha2-nistp256 AAAAE2VjZHNhLXNoYTItbmlzdHAyNTYAAAAIbmlzdHAyNTYAAABBBD7XaSIQYGKJC7LnMnWx8lG5RF143RNEEdgwQYRFuD0CfgVYx8FG7HIE9Aqly68rmLsakcAqNEZI4KMq0Nw9scE= root@ubuntu-bionic
ssh-ed25519 AAAAC3NzaC1lZDI1NTE5AAAAIPPCyrn3izZ/XOS1svPaFsNxZGHPX12CEOG+3/Y8/Nk9 root@ubuntu-bionic
ssh-rsa AAAAB3NzaC1yc2EAAAADAQABAAABAQCl+LaZngPCOiiBN4J9Unfq5ZuRtyjtLKoUMj7oos3QUbtdMeEzWCx026VTIoqgJqNJOUmcnLOtEehUjUY0XXRjgujU6iPO6OmaSYW4/RyUhbfehPFeZfiWqb+sfXvsgdqp3fh2yKmn6F8muQiFTijqM3ScysoY1/xO9EnAM3B2xB+IxRqghx4ohIBrl7JpixXDt5iWkycqbs1y60MkW9bhEEzsZR+TFNMRSOJR5EgnhfpjVHQvyD5cjOER0x7YjUBhcY3hWIhvdhyaBl0qU1WLlGPE3D7JgPB+o+yTgUIV6t4YHiA/9Sri4eOnndP1NrQlzru0NwLZKly+tMVTuWQn root@ubuntu-bionic
-----END SSH HOST KEY KEYS-----
[   24.891451] cloud-init[1146]: Cloud-init v. 19.4-33-gbb4131a2-0ubuntu1~18.04.1 running 'modules:final' at Mon, 20 Apr 2020 13:16:29 +0000. Up 24.48 seconds.
[   24.899209] cloud-init[1146]: ci-info: no authorized SSH keys fingerprints found for user ubuntu.
[   24.917378] cloud-init[1146]: Cloud-init v. 19.4-33-gbb4131a2-0ubuntu1~18.04.1 finished at Mon, 20 Apr 2020 13:16:29 +0000. Datasource DataSourceNoCloud [seed=/dev/sdb][dsmode=net].  Up 24.86 seconds
